// Jest Snapshot v1, https://goo.gl/fbAQLP

exports[`UU filter No UU 1`] = `
[
  {
    "childNodes": [
      {
        "childNodes": [],
        "level": 2,
        "library": "org.apache.camel:camel-bean",
        "version": "3.11.1",
        "vulnerabilities": [],
      },
    ],
    "level": 1,
    "library": "org.apache.camel:camel-core",
    "version": "3.11.1",
    "vulnerabilities": [],
  },
  {
    "childNodes": [],
    "level": 1,
    "library": "Enelane",
    "version": "5.0.4-SNPSHOT",
    "vulnerabilities": [],
  },
]
`;

exports[`UU filter No filter 1`] = `
[
  {
    "childNodes": [
      {
        "childNodes": [],
        "level": 2,
        "library": "org.apache.camel:camel-bean",
        "version": "3.11.1",
        "vulnerabilities": [],
      },
    ],
    "level": 1,
    "library": "org.apache.camel:camel-core",
    "version": "3.11.1",
    "vulnerabilities": [],
  },
  {
    "childNodes": [
      {
        "childNodes": [],
        "level": 2,
        "library": "uu.appg01:uu_appg01_server",
        "version": "5.2.1",
        "vulnerabilities": [],
      },
    ],
    "level": 1,
    "library": "Enelane",
    "version": "5.0.4-SNPSHOT",
    "vulnerabilities": [],
  },
  {
    "childNodes": [],
    "level": 1,
    "library": "uu.appg01:uu_appg01_auditlog",
    "version": "5.2.1",
    "vulnerabilities": [],
  },
]
`;

exports[`UU filter Only UU 1`] = `
[
  {
    "childNodes": [],
    "level": 2,
    "library": "uu.appg01:uu_appg01_server",
    "version": "5.2.1",
    "vulnerabilities": [],
  },
  {
    "childNodes": [],
    "level": 1,
    "library": "uu.appg01:uu_appg01_auditlog",
    "version": "5.2.1",
    "vulnerabilities": [],
  },
]
`;
